result,resolution,index,date_range,Alter
1,complete,,2012-06-16/2014-12-17,57
1,year,1,2012-06-16/2012-12-31,55
1,year,2,2013-01-01/2013-12-31,
1,year,3,2014-01-01/2014-12-17,
