result,resolution,index,date_range,Alter
1,complete,,2012-06-16/2015-01-01,58
1,year,1,2012-06-16/2013-03-31,56
1,year,2,2013-04-01/2014-03-31,
1,year,3,2014-04-01/2015-01-01,
